Base seed: 123456
Teammate mode: hybrid
Teammate sets shared by compared P0 methods:
  TeamSet1: P1=realistic_style(815744163), P2=manual_style(SET_C_COLOR_SPEAKER), P3=realistic_style(220594956)
  TeamSet2: P1=manual_style(SET_F_PRECISION_TEACHER), P2=manual_style(SET_C_COLOR_SPEAKER), P3=realistic_style(636152441)
  TeamSet3: P1=realistic_style(285696098), P2=realistic_style(305205192), P3=manual_style(SET_D_RANK_SPEAKER)
  TeamSet4: P1=manual_style(SET_D_RANK_SPEAKER), P2=manual_style(SET_D_RANK_SPEAKER), P3=manual_style(SET_E_BROADCASTER)
  TeamSet5: P1=manual_style(SET_F_PRECISION_TEACHER), P2=manual_style(SET_B_SAFETY_MANAGER), P3=realistic_style(332050371)

=== Adaptive Ablation Comparison ===
TeamSet              Full  FullHintRanking      NoImmediate      NoAmbiguity         NoBelief           NoMeta         Adaptive    Adaptive-Full            p  sig
------------------------------------------------------------------------------------------------------------------------------------------------------------------
set1                14.60            14.60            15.05            15.03            14.90            15.03            15.09            +0.48    2.137e-23  ***
set2                15.51            15.51            16.20            16.00            16.02            15.97            16.16            +0.65    7.945e-38  ***
set3                15.98            15.98            16.70            16.55            16.45            16.55            16.63            +0.64    2.055e-30  ***
set4                15.21            15.21            15.83            15.69            15.74            15.62            15.92            +0.71    4.214e-39  ***
set5                12.55            12.57            12.98            12.93            12.67            12.93            13.01            +0.46    8.189e-18  ***
------------------------------------------------------------------------------------------------------------------------------------------------------------------
ALL                 14.77            14.77            15.35            15.24            15.15            15.22            15.36            +0.59   5.065e-137  ***

Pairwise vs Full on pooled games:
  FullHintRanking diff=+0.00, SE=0.002, 95%CI=[-0.00,+0.01], p=0.08402 ns, Win%=0.7%
  NoImmediate     diff=+0.58, SE=0.025, 95%CI=[+0.53,+0.63], p=4.685e-116 ***, Win%=51.4%
  NoAmbiguity     diff=+0.47, SE=0.022, 95%CI=[+0.42,+0.51], p=2.606e-92 ***, Win%=47.6%
  NoBelief        diff=+0.38, SE=0.024, 95%CI=[+0.34,+0.43], p=2.912e-58 ***, Win%=44.5%
  NoMeta          diff=+0.45, SE=0.021, 95%CI=[+0.41,+0.49], p=7.384e-101 ***, Win%=45.5%
  Adaptive        diff=+0.59, SE=0.023, 95%CI=[+0.54,+0.63], p=5.065e-137 ***, Win%=50.7%
